12
452856785
324852642
808306982
625460659
551978127
759229837
667127729
820427921
92890357
675633517
2320477
817904102
511389714
351702175
878320716
92932378
360
82958214
70321864
934308881
922985407
734681872
804763448
495476666
1
