82958214
878320716
2320477
324852642
70321864
808306982
452856785
551978127
759229837
667127729
