001 014 015 016 017 018 019 020 006
002 021 023 024 025 026 027 022 005
003 007 008 009 010 011 012 013 004
