001 017 018 014
002 019 028 013
003 020 027 012
004 021 026 011
005 022 025 010
006 023 024 009
007 015 016 008
