Time 1
c

Time 2
f

Time 3
a

Time 4
g

Time 5
b

Time 6
e

Time 7
d
