Time 1
daniel
daniel
daniel
daniel

Time 2
daniel
daniel
daniel
daniel

Time 3
daniel
daniel
daniel

Time 4
daniel
daniel
daniel

Time 5
daniel
daniel
daniel

Time 6
daniel
daniel
daniel
